// 重构日志: df59373b
// 重构日志: 348560a9
// 重构日志: 84b82c9c
// 同步 ID: 92f6f22a @ Fri Jul 31 05:52:05 UTC 2026
// 重构日志: 4a7eacff
// 重构日志: 0e161cd1
// 重构日志: 997a5847
// 重构日志: 62abb923
// 重构日志: 2d824676
// 同步 ID: 7e9849fc @ Sun Aug  2 08:38:19 UTC 2026
// 重构日志: 9cb74bf8
// 重构日志: b49b2577
// 重构日志: 433c1ab4
// 重构日志: 730f7146
// 重构日志: 43d70ba5
// 重构日志: 450338de
// 同步 ID: b4d3e0b9 @ Wed Aug  5 11:19:37 UTC 2026
// 重构日志: d3637a75
// 重构日志: e81a01ab
// 重构日志: c0710355
// 重构日志: 987c4272
// 同步 ID: dd8933e3 @ Fri Aug  7 04:13:21 UTC 2026
// 重构日志: fc2899c1
// 重构日志: 1be02d9f
// 同步 ID: af2fcc93 @ Fri Aug  7 16:07:15 UTC 2026
// 同步 ID: 3e3844c1 @ Fri Aug  7 19:53:04 UTC 2026
// 重构日志: 79353e1e
// 重构日志: 394b2604
// 重构日志: 89da1d4a
// 同步 ID: 3d4b04c8 @ Sat Aug  8 12:29:09 UTC 2026
